// Jest Snapshot v1, https://goo.gl/fbAQLP

exports[`Sort snapshot 1`] = `
<form
  action="#"
  className="places__sorting"
  method="get"
>
  <span
    className="places__sorting-caption"
  >
    Sort by
  </span>
  <span
    className="places__sorting-type"
    onClick={[MockFunction]}
    tabIndex={0}
  >
    Popular
    <svg
      className="places__sorting-arrow"
      height="4"
      width="7"
    >
      <use
        xlinkHref="#icon-arrow-select"
      />
    </svg>
  </span>
  <ul
    className="places__options places__options--custom "
  >
    <li
      className="places__option places__option--active"
      data-sortype="Popular"
      onClick={[Function]}
    >
      Popular
    </li>
    <li
      className="places__option "
      data-sortype="CostAsc"
      onClick={[Function]}
    >
      Price: low to high
    </li>
    <li
      className="places__option "
      data-sortype="CostDesc"
      onClick={[Function]}
    >
      Price: high to low
    </li>
    <li
      className="places__option "
      data-sortype="RateDesc"
      onClick={[Function]}
    >
      Top rated first
    </li>
  </ul>
</form>
`;
