// Jest Snapshot v1, https://goo.gl/fbAQLP

exports[`Review list snapshot 1`] = `
<li
  className="reviews__item"
>
  <div
    className="reviews__user user"
  >
    <div
      className="reviews__avatar-wrapper user__avatar-wrapper"
    >
      <img
        alt="Reviews avatar"
        className="reviews__avatar user__avatar"
        height="54"
        width="54"
      />
    </div>
    <span
      className="reviews__user-name"
    >
      Kirill
    </span>
  </div>
  <div
    className="reviews__info"
  >
    <div
      className="reviews__rating rating"
    >
      <div
        className="reviews__stars rating__stars"
      >
        <span
          style={
            Object {
              "width": "40%",
            }
          }
        />
        <span
          className="visually-hidden"
        >
          Rating
        </span>
      </div>
    </div>
    <p
      className="reviews__text"
    >
      test reviewtest reviewtest reviewtest review
    </p>
    <time
      className="reviews__time"
      dateTime="Mon Apr 22 2019 13:20:30 GMT+0300 (GMT+03:00)"
    >
      April 22, 2019
    </time>
  </div>
</li>
`;
